// Jest Snapshot v1, https://goo.gl/fbAQLP

exports[`Header should match snapshot 1`] = `
ShallowWrapper {
  "length": 1,
  Symbol(enzyme.__root__): [Circular],
  Symbol(enzyme.__unrendered__): <Unknown
    fetchSchedule={[Function]}
/>,
  Symbol(enzyme.__renderer__): Object {
    "batchedUpdates": [Function],
    "getNode": [Function],
    "render": [Function],
    "simulateEvent": [Function],
    "unmount": [Function],
  },
  Symbol(enzyme.__node__): Object {
    "instance": null,
    "key": undefined,
    "nodeType": "host",
    "props": Object {
      "children": Array [
        <h1
          className="logo"
>
          soccer-scores
</h1>,
        <NavLink
          activeClassName="active"
          aria-current="page"
          className="leagues-link"
          onClick={[Function]}
          to="/leagues"
>
          leagues
</NavLink>,
        <NavLink
          activeClassName="active"
          aria-current="page"
          className="games-link"
          onClick={[Function]}
          parrams="games"
          to="/todaysgames"
>
          today's games
</NavLink>,
      ],
    },
    "ref": null,
    "rendered": Array [
      Object {
        "instance": null,
        "key": undefined,
        "nodeType": "host",
        "props": Object {
          "children": "soccer-scores",
          "className": "logo",
        },
        "ref": null,
        "rendered": "soccer-scores",
        "type": "h1",
      },
      Object {
        "instance": null,
        "key": undefined,
        "nodeType": "function",
        "props": Object {
          "activeClassName": "active",
          "aria-current": "page",
          "children": "leagues",
          "className": "leagues-link",
          "onClick": [Function],
          "to": "/leagues",
        },
        "ref": null,
        "rendered": "leagues",
        "type": [Function],
      },
      Object {
        "instance": null,
        "key": undefined,
        "nodeType": "function",
        "props": Object {
          "activeClassName": "active",
          "aria-current": "page",
          "children": "today's games",
          "className": "games-link",
          "onClick": [Function],
          "parrams": "games",
          "to": "/todaysgames",
        },
        "ref": null,
        "rendered": "today's games",
        "type": [Function],
      },
    ],
    "type": "header",
  },
  Symbol(enzyme.__nodes__): Array [
    Object {
      "instance": null,
      "key": undefined,
      "nodeType": "host",
      "props": Object {
        "children": Array [
          <h1
            className="logo"
>
            soccer-scores
</h1>,
          <NavLink
            activeClassName="active"
            aria-current="page"
            className="leagues-link"
            onClick={[Function]}
            to="/leagues"
>
            leagues
</NavLink>,
          <NavLink
            activeClassName="active"
            aria-current="page"
            className="games-link"
            onClick={[Function]}
            parrams="games"
            to="/todaysgames"
>
            today's games
</NavLink>,
        ],
      },
      "ref": null,
      "rendered": Array [
        Object {
          "instance": null,
          "key": undefined,
          "nodeType": "host",
          "props": Object {
            "children": "soccer-scores",
            "className": "logo",
          },
          "ref": null,
          "rendered": "soccer-scores",
          "type": "h1",
        },
        Object {
          "instance": null,
          "key": undefined,
          "nodeType": "function",
          "props": Object {
            "activeClassName": "active",
            "aria-current": "page",
            "children": "leagues",
            "className": "leagues-link",
            "onClick": [Function],
            "to": "/leagues",
          },
          "ref": null,
          "rendered": "leagues",
          "type": [Function],
        },
        Object {
          "instance": null,
          "key": undefined,
          "nodeType": "function",
          "props": Object {
            "activeClassName": "active",
            "aria-current": "page",
            "children": "today's games",
            "className": "games-link",
            "onClick": [Function],
            "parrams": "games",
            "to": "/todaysgames",
          },
          "ref": null,
          "rendered": "today's games",
          "type": [Function],
        },
      ],
      "type": "header",
    },
  ],
  Symbol(enzyme.__options__): Object {
    "adapter": ReactSixteenAdapter {
      "options": Object {
        "enableComponentDidUpdateOnSetState": true,
      },
    },
  },
}
`;
