// Jest Snapshot v1, https://goo.gl/fbAQLP

exports[`Header should match snapshot 1`] = `
ShallowWrapper {
  "length": 1,
  Symbol(enzyme.__root__): [Circular],
  Symbol(enzyme.__unrendered__): <Header
    fetchLeague={[Function]}
    fetchLiveScores={[Function]}
    liveScores={
        Array [
            Object {},
            Object {},
          ]
    }
    setDisplay={[Function]}
/>,
  Symbol(enzyme.__renderer__): Object {
    "batchedUpdates": [Function],
    "getNode": [Function],
    "render": [Function],
    "simulateEvent": [Function],
    "unmount": [Function],
  },
  Symbol(enzyme.__node__): Object {
    "instance": null,
    "key": undefined,
    "nodeType": "host",
    "props": Object {
      "children": <Link
        className="logo-link"
        onClick={[Function]}
        replace={false}
        to="/"
>
        <h1
                className="logo"
        >
                soccer-scores
        </h1>
</Link>,
    },
    "ref": null,
    "rendered": Object {
      "instance": null,
      "key": undefined,
      "nodeType": "class",
      "props": Object {
        "children": <h1
          className="logo"
>
          soccer-scores
</h1>,
        "className": "logo-link",
        "onClick": [Function],
        "replace": false,
        "to": "/",
      },
      "ref": null,
      "rendered": Object {
        "instance": null,
        "key": undefined,
        "nodeType": "host",
        "props": Object {
          "children": "soccer-scores",
          "className": "logo",
        },
        "ref": null,
        "rendered": "soccer-scores",
        "type": "h1",
      },
      "type": [Function],
    },
    "type": "header",
  },
  Symbol(enzyme.__nodes__): Array [
    Object {
      "instance": null,
      "key": undefined,
      "nodeType": "host",
      "props": Object {
        "children": <Link
          className="logo-link"
          onClick={[Function]}
          replace={false}
          to="/"
>
          <h1
                    className="logo"
          >
                    soccer-scores
          </h1>
</Link>,
      },
      "ref": null,
      "rendered": Object {
        "instance": null,
        "key": undefined,
        "nodeType": "class",
        "props": Object {
          "children": <h1
            className="logo"
>
            soccer-scores
</h1>,
          "className": "logo-link",
          "onClick": [Function],
          "replace": false,
          "to": "/",
        },
        "ref": null,
        "rendered": Object {
          "instance": null,
          "key": undefined,
          "nodeType": "host",
          "props": Object {
            "children": "soccer-scores",
            "className": "logo",
          },
          "ref": null,
          "rendered": "soccer-scores",
          "type": "h1",
        },
        "type": [Function],
      },
      "type": "header",
    },
  ],
  Symbol(enzyme.__options__): Object {
    "adapter": ReactSixteenAdapter {
      "options": Object {
        "enableComponentDidUpdateOnSetState": true,
      },
    },
  },
}
`;
